
> frontend@0.1.0 build
> next build

Γû▓ Next.js 16.2.1 (Turbopack)

  Creating an optimized production build ...
node.exe : 
En línea: 1 Carácter: 1
+ & "C:\Program Files\nodejs/node.exe" "C:\Program 
Files\nodejs/node_mo ...
+ ~~~~~~~~~~~~~~~~~~~~~~~~~~~~~~~~~~~~~~~~~~~~~~~~~~
~~~~~~~~~~~~~~~~~~~
    + CategoryInfo          : NotSpecified: (:Strin 
   g) [], RemoteException
    + FullyQualifiedErrorId : NativeCommandError
 
> Build error occurred
Error: Turbopack build failed with 4 errors:
./frontend/src/components/header/AvatarDropdown.tsx:
26:1
Module not found: Can't resolve 
'@/components/ui/avatar'
  [90m24 |[0m   [33mDropdownMenuTrigger[0m,
  [90m25 |[0m } [36mfrom[0m 
[32m"@/components/ui/dropdown-menu"[0m
[31m[1m>[0m [90m26 |[0m [36mimport[0m { 
[33mAvatar[0m, [33mAvatarFallback[0m, 
[33mAvatarImage[0m } [36mfrom[0m 
[32m"@/components/ui/avatar"[0m
  [90m   |[0m [31m[1m^^^^^^^^^^^^^^^^^^^^^^^^^^^
^^^^^^^^^^^^^^^^^^^^^^^^^^^^^^^^^^^^^^^^^^^^^^^^^[0
m
  [90m27 |[0m [36mimport[0m { [33mButton[0m } 
[36mfrom[0m [32m"@/components/ui/button"[0m
  [90m28 |[0m [36mimport[0m {
  [90m29 |[0m   [33mSelect[0m,

Import map: aliased to relative 
'./src/components/ui/avatar' inside of 
[project]/frontend


Import traces:
  Client Component Browser:
    
./frontend/src/components/header/AvatarDropdown.tsx 
[Client Component Browser]
    ./frontend/src/components/header/TopBar.tsx 
[Client Component Browser]
    ./frontend/src/components/header/Header.tsx 
[Client Component Browser]
    ./frontend/src/components/header/Header.tsx 
[Server Component]
    ./frontend/src/app/layout.tsx [Server Component]

  Client Component SSR:
    
./frontend/src/components/header/AvatarDropdown.tsx 
[Client Component SSR]
    ./frontend/src/components/header/TopBar.tsx 
[Client Component SSR]
    ./frontend/src/components/header/Header.tsx 
[Client Component SSR]
    ./frontend/src/components/header/Header.tsx 
[Server Component]
    ./frontend/src/app/layout.tsx [Server Component]

https://nextjs.org/docs/messages/module-not-found


./frontend/src/components/header/AvatarDropdown.tsx:
27:1
Module not found: Can't resolve 
'@/components/ui/button'
  [90m25 |[0m } [36mfrom[0m 
[32m"@/components/ui/dropdown-menu"[0m
  [90m26 |[0m [36mimport[0m { [33mAvatar[0m, 
[33mAvatarFallback[0m, [33mAvatarImage[0m } 
[36mfrom[0m [32m"@/components/ui/avatar"[0m
[31m[1m>[0m [90m27 |[0m [36mimport[0m { 
[33mButton[0m } [36mfrom[0m 
[32m"@/components/ui/button"[0m
  [90m   |[0m [31m[1m^^^^^^^^^^^^^^^^^^^^^^^^^^^
^^^^^^^^^^^^^^^^^^^^[0m
  [90m28 |[0m [36mimport[0m {
  [90m29 |[0m   [33mSelect[0m,
  [90m30 |[0m   [33mSelectContent[0m,

Import map: aliased to relative 
'./src/components/ui/button' inside of 
[project]/frontend


Import traces:
  Client Component Browser:
    
./frontend/src/components/header/AvatarDropdown.tsx 
[Client Component Browser]
    ./frontend/src/components/header/TopBar.tsx 
[Client Component Browser]
    ./frontend/src/components/header/Header.tsx 
[Client Component Browser]
    ./frontend/src/components/header/Header.tsx 
[Server Component]
    ./frontend/src/app/layout.tsx [Server Component]

  Client Component SSR:
    
./frontend/src/components/header/AvatarDropdown.tsx 
[Client Component SSR]
    ./frontend/src/components/header/TopBar.tsx 
[Client Component SSR]
    ./frontend/src/components/header/Header.tsx 
[Client Component SSR]
    ./frontend/src/components/header/Header.tsx 
[Server Component]
    ./frontend/src/app/layout.tsx [Server Component]

https://nextjs.org/docs/messages/module-not-found


./frontend/src/components/header/AvatarDropdown.tsx:
17:1
Module not found: Can't resolve 
'@/components/ui/dropdown-menu'
  [90m15 |[0m } [36mfrom[0m 
[32m"lucide-react"[0m
  [90m16 |[0m
[31m[1m>[0m [90m17 |[0m [36mimport[0m {
  [90m   |[0m [31m[1m^^^^^^^[0m
[31m[1m>[0m [90m18 |[0m   
[33mDropdownMenu[0m,
  [90m   |[0m [31m[1m^^^^^^^^^^^^^^^[0m
[31m[1m>[0m [90m19 |[0m   
[33mDropdownMenuContent[0m,
  [90m   |[0m [31m[1m^^^^^^^^^^^^^^^^^^^^^^[0m
[31m[1m>[0m [90m20 |[0m   
[33mDropdownMenuGroup[0m,
  [90m   |[0m [31m[1m^^^^^^^^^^^^^^^^^^^^[0m
[31m[1m>[0m [90m21 |[0m   
[33mDropdownMenuItem[0m,
  [90m   |[0m [31m[1m^^^^^^^^^^^^^^^^^^^[0m
[31m[1m>[0m [90m22 |[0m   
[33mDropdownMenuLabel[0m,
  [90m   |[0m [31m[1m^^^^^^^^^^^^^^^^^^^^[0m
[31m[1m>[0m [90m23 |[0m   
[33mDropdownMenuSeparator[0m,
  [90m   |[0m 
[31m[1m^^^^^^^^^^^^^^^^^^^^^^^^[0m
[31m[1m>[0m [90m24 |[0m   
[33mDropdownMenuTrigger[0m,
  [90m   |[0m [31m[1m^^^^^^^^^^^^^^^^^^^^^^[0m
[31m[1m>[0m [90m25 |[0m } [36mfrom[0m 
[32m"@/components/ui/dropdown-menu"[0m
  [90m   |[0m 
[31m[1m^^^^^^^^^^^^^^^^^^^^^^^^^^^^^^^^^^^^^^[0m
  [90m26 |[0m [36mimport[0m { [33mAvatar[0m, 
[33mAvatarFallback[0m, [33mAvatarImage[0m } 
[36mfrom[0m [32m"@/components/ui/avatar"[0m
  [90m27 |[0m [36mimport[0m { [33mButton[0m } 
[36mfrom[0m [32m"@/components/ui/button"[0m
  [90m28 |[0m [36mimport[0m {

Import map: aliased to relative 
'./src/components/ui/dropdown-menu' inside of 
[project]/frontend


Import traces:
  Client Component Browser:
    
./frontend/src/components/header/AvatarDropdown.tsx 
[Client Component Browser]
    ./frontend/src/components/header/TopBar.tsx 
[Client Component Browser]
    ./frontend/src/components/header/Header.tsx 
[Client Component Browser]
    ./frontend/src/components/header/Header.tsx 
[Server Component]
    ./frontend/src/app/layout.tsx [Server Component]

  Client Component SSR:
    
./frontend/src/components/header/AvatarDropdown.tsx 
[Client Component SSR]
    ./frontend/src/components/header/TopBar.tsx 
[Client Component SSR]
    ./frontend/src/components/header/Header.tsx 
[Client Component SSR]
    ./frontend/src/components/header/Header.tsx 
[Server Component]
    ./frontend/src/app/layout.tsx [Server Component]

https://nextjs.org/docs/messages/module-not-found


./frontend/src/components/header/AvatarDropdown.tsx:
28:1
Module not found: Can't resolve 
'@/components/ui/select'
  [90m26 |[0m [36mimport[0m { [33mAvatar[0m, 
[33mAvatarFallback[0m, [33mAvatarImage[0m } 
[36mfrom[0m [32m"@/components/ui/avatar"[0m
  [90m27 |[0m [36mimport[0m { [33mButton[0m } 
[36mfrom[0m [32m"@/components/ui/button"[0m
[31m[1m>[0m [90m28 |[0m [36mimport[0m {
  [90m   |[0m [31m[1m^^^^^^^[0m
[31m[1m>[0m [90m29 |[0m   [33mSelect[0m,
  [90m   |[0m [31m[1m^^^^^^^^^[0m
[31m[1m>[0m [90m30 |[0m   
[33mSelectContent[0m,
  [90m   |[0m [31m[1m^^^^^^^^^^^^^^^^[0m
[31m[1m>[0m [90m31 |[0m   [33mSelectItem[0m,
  [90m   |[0m [31m[1m^^^^^^^^^^^^^[0m
[31m[1m>[0m [90m32 |[0m   
[33mSelectTrigger[0m,
  [90m   |[0m [31m[1m^^^^^^^^^^^^^^^^[0m
[31m[1m>[0m [90m33 |[0m   [33mSelectValue[0m,
  [90m   |[0m [31m[1m^^^^^^^^^^^^^^[0m
[31m[1m>[0m [90m34 |[0m } [36mfrom[0m 
[32m"@/components/ui/select"[0m
  [90m   |[0m 
[31m[1m^^^^^^^^^^^^^^^^^^^^^^^^^^^^^^^[0m
  [90m35 |[0m [36mimport[0m { [33mSwitch[0m } 
[36mfrom[0m [32m"@/components/ui/switch"[0m
  [90m36 |[0m
  [90m37 |[0m [36minterface[0m 
[33mUserData[0m {

Import map: aliased to relative 
'./src/components/ui/select' inside of 
[project]/frontend


Import traces:
  Client Component Browser:
    
./frontend/src/components/header/AvatarDropdown.tsx 
[Client Component Browser]
    ./frontend/src/components/header/TopBar.tsx 
[Client Component Browser]
    ./frontend/src/components/header/Header.tsx 
[Client Component Browser]
    ./frontend/src/components/header/Header.tsx 
[Server Component]
    ./frontend/src/app/layout.tsx [Server Component]

  Client Component SSR:
    
./frontend/src/components/header/AvatarDropdown.tsx 
[Client Component SSR]
    ./frontend/src/components/header/TopBar.tsx 
[Client Component SSR]
    ./frontend/src/components/header/Header.tsx 
[Client Component SSR]
    ./frontend/src/components/header/Header.tsx 
[Server Component]
    ./frontend/src/app/layout.tsx [Server Component]

https://nextjs.org/docs/messages/module-not-found


    at <unknown> (./frontend/src/components/header/A
vatarDropdown.tsx:26:1)
    at <unknown> 
(https://nextjs.org/docs/messages/module-not-found)
    at <unknown> (./frontend/src/components/header/A
vatarDropdown.tsx:27:1)
    at <unknown> 
(https://nextjs.org/docs/messages/module-not-found)
    at <unknown> (./frontend/src/components/header/A
vatarDropdown.tsx:17:1)
    at <unknown> 
(https://nextjs.org/docs/messages/module-not-found)
    at <unknown> (./frontend/src/components/header/A
vatarDropdown.tsx:28:1)
    at <unknown> 
(https://nextjs.org/docs/messages/module-not-found)
